// Vitest Snapshot v1, https://vitest.dev/guide/snapshot.html

exports[`prefer-string-slice > prefer-string-slice > invalid > /* 1 */ (( /* 2 */ 0 /* 3 */, /* 4 */ foo /* 5 */ )) /* 6 */
\\u0009. /* 7 */ substring /* 8 */ (
\\u0009\\u0009/* 9 */ (( /* 10 */ bar /* 11 */ )) /* 12 */,
\\u0009\\u0009/* 13 */ (( /* 14 */ 0 /* 15 */ )) /* 16 */,
\\u0009\\u0009/* 17 */
\\u0009)
/* 18 */ 1`] = `
"/* 1 */ (( /* 2 */ 0 /* 3 */, /* 4 */ foo /* 5 */ )) /* 6 */
	. /* 7 */ slice /* 8 */ (
		/* 9 */ 0 /* 12 */,
		/* 13 */ Math.max(0, (( /* 10 */ bar /* 11 */ ))) /* 16 */,
		/* 17 */
	)
/* 18 */"
`;

exports[`prefer-string-slice > prefer-string-slice > invalid > foo.substr((0, bar.length), (0, baz.length)) 1`] = `"foo.slice((0, bar.length), (0, bar.length) + (0, baz.length))"`;

exports[`prefer-string-slice > prefer-string-slice > invalid > foo.substr(...bar) 1`] = `"foo.substr(...bar)"`;

exports[`prefer-string-slice > prefer-string-slice > invalid > foo.substr(0, (100, 1)) 1`] = `"foo.slice(0, Math.max(0, (100, 1)))"`;

exports[`prefer-string-slice > prefer-string-slice > invalid > foo.substr(0, ...bar) 1`] = `"foo.substr(0, ...bar)"`;

exports[`prefer-string-slice > prefer-string-slice > invalid > foo.substr(0, 1, extraArgument) 1`] = `"foo.substr(0, 1, extraArgument)"`;

exports[`prefer-string-slice > prefer-string-slice > invalid > foo.substring((10, 1), 0) 1`] = `"foo.slice(0, Math.max(0, (10, 1)))"`;

exports[`prefer-string-slice > prefer-string-slice > invalid > foo.substring((10, bar)) 1`] = `"foo.slice(Math.max(0, (10, bar)))"`;

exports[`prefer-string-slice > prefer-string-slice > invalid > foo.substring(0, (10, 1)) 1`] = `"foo.slice(0, Math.max(0, (10, 1)))"`;

exports[`prefer-string-slice > prefer-string-slice > invalid > foo.substring(0, await 1) 1`] = `"foo.slice(0, Math.max(0, await 1))"`;
